\BOOKMARK [1][-]{section*.2}{\376\377\000N\000o\000t\000a\000t\000i\000o\000n\000s\000\040\000e\000t\000\040\000c\000o\000n\000v\000e\000n\000t\000i\000o\000n\000s}{}% 1
\BOOKMARK [1][-]{section*.3}{\376\377\000G\000l\000o\000s\000s\000a\000i\000r\000e\000\040\000\050\000t\000e\000r\000m\000e\000s\000\040\000c\000l\000\351\000s\000\051}{}% 2
\BOOKMARK [1][-]{section*.4}{\376\377\000L\000i\000s\000t\000e\000\040\000d\000e\000s\000\040\000f\000i\000g\000u\000r\000e\000s\000\040\000e\000t\000\040\000t\000a\000b\000l\000e\000s\000\040\000p\000r\000o\000p\000o\000s\000\351\000e\000s}{}% 3
\BOOKMARK [1][-]{section*.7}{\376\377\000I\000n\000t\000r\000o\000d\000u\000c\000t\000i\000o\000n\000\040\000g\000\351\000n\000\351\000r\000a\000l\000e}{}% 4
\BOOKMARK [1][-]{section*.8}{\376\377\000C\000a\000r\000t\000o\000g\000r\000a\000p\000h\000i\000e\000\040\000d\000u\000\040\000p\000r\000o\000j\000e\000t\000\040\000P\000a\000p\000e\000r\000T\000r\000a\000d\000i\000n\000g\000A\000p\000p}{}% 5
\BOOKMARK [1][-]{section*.12}{\376\377\000F\000i\000g\000u\000r\000e\000s\000\040\000g\000l\000o\000b\000a\000l\000e\000s}{}% 6
\BOOKMARK [1][-]{section.1}{\376\377\000F\000i\000n\000a\000n\000c\000e\000\040\000d\000e\000\040\000m\000a\000r\000c\000h\000\351}{}% 7
\BOOKMARK [2][-]{subsection.1.1}{\376\377\000C\000a\000d\000r\000e\000\040\000g\000\351\000n\000\351\000r\000a\000l\000\040\000e\000t\000\040\000a\000b\000s\000e\000n\000c\000e\000\040\000d\000'\000a\000r\000b\000i\000t\000r\000a\000g\000e}{section.1}% 8
\BOOKMARK [3][-]{subsubsection.1.1.1}{\376\377\000D\000\351\000f\000i\000n\000i\000t\000i\000o\000n\000s\000\040\000:\000\040\000m\000a\000r\000c\000h\000\351\000,\000\040\000i\000n\000f\000o\000r\000m\000a\000t\000i\000o\000n\000\040\000e\000t\000\040\000s\000t\000r\000a\000t\000\351\000g\000i\000e\000s}{subsection.1.1}% 9
\BOOKMARK [3][-]{subsubsection.1.1.2}{\376\377\000I\000n\000t\000u\000i\000t\000i\000o\000n\000\040\000:\000\040\000n\000u\000m\000\351\000r\000a\000i\000r\000e\000,\000\040\000m\000a\000r\000t\000i\000n\000g\000a\000l\000e\000s\000\040\000e\000t\000\040\000p\000r\000i\000x\000\040\000`\000`\000j\000u\000s\000t\000e\000s\000'\000'}{subsection.1.1}% 10
\BOOKMARK [3][-]{subsubsection.1.1.3}{\376\377\000R\000\351\000s\000u\000l\000t\000a\000t\000\040\000c\000l\000\351\000\040\000:\000\040\000t\000h\000\351\000o\000r\000\350\000m\000e\000\040\000f\000o\000n\000d\000a\000m\000e\000n\000t\000a\000l\000\040\000e\000t\000\040\000v\000a\000l\000o\000r\000i\000s\000a\000t\000i\000o\000n\000\040\000r\000i\000s\000q\000u\000e\040\023\000n\000e\000u\000t\000r\000e}{subsection.1.1}% 11
\BOOKMARK [3][-]{subsubsection.1.1.4}{\376\377\000A\000c\000t\000u\000a\000l\000i\000s\000a\000t\000i\000o\000n\000,\000\040\000d\000i\000v\000i\000d\000e\000n\000d\000e\000s\000\040\000e\000t\000\040\000f\000o\000r\000w\000a\000r\000d\000s\000\040\000:\000\040\000r\000\364\000l\000e\000\040\000d\000e\000s\000\040\000t\000a\000u\000x}{subsection.1.1}% 12
\BOOKMARK [3][-]{subsubsection.1.1.5}{\376\377\000T\000r\000o\000i\000s\000\040\000f\000a\000m\000i\000l\000l\000e\000s\000\040\000d\000e\000\040\000r\000i\000s\000q\000u\000e\000s\000\040\000:\000\040\000m\000a\000r\000c\000h\000\351\000,\000\040\000m\000o\000d\000\350\000l\000e\000,\000\040\000d\000o\000n\000n\000\351\000e\000s}{subsection.1.1}% 13
\BOOKMARK [3][-]{subsubsection.1.1.6}{\376\377\000L\000i\000m\000i\000t\000e\000s\000\040\000e\000t\000\040\000p\000r\000\351\000c\000a\000u\000t\000i\000o\000n\000s}{subsection.1.1}% 14
\BOOKMARK [3][-]{subsubsection.1.1.7}{\376\377\000L\000i\000e\000n\000\040\000a\000v\000e\000c\000\040\000l\000e\000\040\000p\000r\000o\000j\000e\000t\000\040\000P\000a\000p\000e\000r\000T\000r\000a\000d\000i\000n\000g\000A\000p\000p}{subsection.1.1}% 15
\BOOKMARK [2][-]{subsection.1.2}{\376\377\000P\000r\000o\000d\000u\000i\000t\000s\000\040\000d\000\351\000r\000i\000v\000\351\000s\000\040\000-\000\040\000O\000p\000t\000i\000o\000n\000s}{section.1}% 16
\BOOKMARK [3][-]{subsubsection.1.2.1}{\376\377\000V\000a\000n\000i\000l\000l\000a\000\040\000/\000\040\000E\000a\000r\000l\000y\000\040\000E\000x\000e\000r\000c\000i\000s\000e}{subsection.1.2}% 17
\BOOKMARK [3][-]{subsubsection.1.2.2}{\376\377\000P\000a\000t\000h\000-\000d\000e\000p\000e\000n\000d\000e\000n\000t\000\040\000o\000p\000t\000i\000o\000n\000s}{subsection.1.2}% 18
\BOOKMARK [3][-]{subsubsection.1.2.3}{\376\377\000B\000a\000r\000r\000i\000e\000r\000\040\000o\000p\000t\000i\000o\000n\000s}{subsection.1.2}% 19
\BOOKMARK [3][-]{subsubsection.1.2.4}{\376\377\000S\000p\000r\000e\000a\000d\000s\000\040\000\046\000\040\000W\000i\000n\000g\000s}{subsection.1.2}% 20
\BOOKMARK [3][-]{subsubsection.1.2.5}{\376\377\000C\000a\000l\000e\000n\000d\000a\000r\000\040\000\046\000\040\000D\000i\000a\000g\000o\000n\000a\000l\000\040\000S\000p\000r\000e\000a\000d\000s}{subsection.1.2}% 21
\BOOKMARK [3][-]{subsubsection.1.2.6}{\376\377\000E\000x\000o\000t\000i\000c\000\040\000o\000p\000t\000i\000o\000n\000s}{subsection.1.2}% 22
\BOOKMARK [3][-]{subsubsection.1.2.7}{\376\377\000B\000a\000s\000k\000e\000t\000\040\000o\000p\000t\000i\000o\000n\000s}{subsection.1.2}% 23
\BOOKMARK [3][-]{subsubsection.1.2.8}{\376\377\000L\000i\000e\000n\000\040\000a\000v\000e\000c\000\040\000l\000e\000\040\000p\000r\000o\000j\000e\000t\000\040\000P\000a\000p\000e\000r\000T\000r\000a\000d\000i\000n\000g\000A\000p\000p}{subsection.1.2}% 24
\BOOKMARK [2][-]{subsection.1.3}{\376\377\000P\000r\000i\000c\000i\000n\000g\000\040\000d\000e\000s\000\040\000o\000p\000t\000i\000o\000n\000s}{section.1}% 25
\BOOKMARK [3][-]{subsubsection.1.3.1}{\376\377\000V\000a\000r\000i\000a\000t\000i\000o\000n\000\040\000q\000u\000a\000d\000r\000a\000t\000i\000q\000u\000e\000\040\000d\000e\000s\000\040\000p\000r\000o\000c\000e\000s\000s\000u\000s}{subsection.1.3}% 26
\BOOKMARK [3][-]{subsubsection.1.3.2}{\376\377\000L\000e\000m\000m\000e\000\040\000d\000'\000I\000t\000\364\000\040\000\050\000d\000\351\000r\000i\000v\000a\000t\000i\000o\000n\000\040\000`\000`\000f\000o\000r\000\040\000d\000u\000m\000m\000i\000e\000s\000'\000'\000\040\000r\000i\000g\000o\000u\000r\000e\000u\000s\000e\000\051}{subsection.1.3}% 27
\BOOKMARK [3][-]{subsubsection.1.3.3}{\376\377\000A\000p\000p\000l\000i\000c\000a\000t\000i\000o\000n\000\040\000d\000u\000\040\000l\000e\000m\000m\000e\000\040\000d\000'\000I\000t\000\364\000\040\000\340\000\040\000l\000o\000g\000S\000t}{subsection.1.3}% 28
\BOOKMARK [3][-]{subsubsection.1.3.4}{\376\377\000D\000\351\000r\000i\000v\000a\000t\000i\000o\000n\000\040\000d\000e\000\040\000l\000a\000\040\000P\000D\000E\000\040\000d\000e\000\040\000B\000l\000a\000c\000k\040\023\000S\000c\000h\000o\000l\000e\000s}{subsection.1.3}% 29
\BOOKMARK [3][-]{subsubsection.1.3.5}{\376\377\000A\000p\000p\000l\000i\000c\000a\000t\000i\000o\000n\000\040\000:\000\040\000r\000\351\000s\000o\000l\000u\000t\000i\000o\000n\000\040\000e\000x\000p\000l\000i\000c\000i\000t\000e\000\040\000d\000e\000\040\000l\000a\000\040\000P\000D\000E\000\040\000d\000e\000\040\000B\000l\000a\000c\000k\040\023\000S\000c\000h\000o\000l\000e\000s}{subsection.1.3}% 30
\BOOKMARK [3][-]{subsubsection.1.3.6}{\376\377\000A\000r\000b\000r\000e\000s\000\040\000b\000i\000n\000o\000m\000i\000a\000u\000x\000\040\000\050\000C\000o\000x\040\023\000R\000o\000s\000s\040\023\000R\000u\000b\000i\000n\000s\000t\000e\000i\000n\000\051\000\040\000:\000\040\000e\000x\000e\000r\000c\000i\000c\000e\000\040\000e\000t\000\040\000c\000o\000n\000v\000e\000r\000g\000e\000n\000c\000e}{subsection.1.3}% 31
\BOOKMARK [3][-]{subsubsection.1.3.7}{\376\377\000M\000o\000n\000t\000e\000\040\000C\000a\000r\000l\000o\000\040\000:\000\040\000e\000s\000t\000i\000m\000a\000t\000e\000u\000r\000s\000,\000\040\000e\000r\000r\000e\000u\000r\000\040\000e\000t\000\040\000r\000\351\000d\000u\000c\000t\000i\000o\000n\000\040\000d\000e\000\040\000v\000a\000r\000i\000a\000n\000c\000e}{subsection.1.3}% 32
\BOOKMARK [3][-]{subsubsection.1.3.8}{\376\377\000F\000o\000n\000c\000t\000i\000o\000n\000s\000\040\000c\000a\000r\000a\000c\000t\000\351\000r\000i\000s\000t\000i\000q\000u\000e\000s\000,\000\040\000i\000n\000v\000e\000r\000s\000i\000o\000n\000\040\000d\000e\000\040\000F\000o\000u\000r\000i\000e\000r\000\040\000e\000t\000\040\000F\000F\000T\000\040\000\050\000C\000a\000r\000r\040\023\000M\000a\000d\000a\000n\000\051}{subsection.1.3}% 33
\BOOKMARK [3][-]{subsubsection.1.3.9}{\376\377\000M\000o\000d\000\350\000l\000e\000\040\000d\000e\000\040\000H\000e\000s\000t\000o\000n\000\040\000e\000t\000\040\000p\000r\000i\000c\000i\000n\000g\000\040\000s\000e\000m\000i\040\023\000a\000n\000a\000l\000y\000t\000i\000q\000u\000e}{subsection.1.3}% 34
\BOOKMARK [3][-]{subsubsection.1.3.10}{\376\377\000S\000u\000r\000f\000a\000c\000e\000\040\000d\000e\000\040\000v\000o\000l\000a\000t\000i\000l\000i\000t\000\351\000\040\000i\000m\000p\000l\000i\000c\000i\000t\000e\000\040\000e\000t\000\040\000c\000a\000l\000i\000b\000r\000a\000t\000i\000o\000n\000\040\000d\000e\000\040\000m\000o\000d\000\350\000l\000e\000s}{subsection.1.3}% 35
\BOOKMARK [3][-]{subsubsection.1.3.11}{\376\377\000M\000o\000d\000\350\000l\000e\000s\000\040\000a\000v\000a\000n\000c\000\351\000s\000\040\000:\000\040\000S\000A\000B\000R\000\040\000e\000t\000\040\000\311\000q\000u\000a\000t\000i\000o\000n\000s\000\040\000d\000e\000\040\000V\000o\000l\000t\000e\000r\000r\000a}{subsection.1.3}% 36
\BOOKMARK [3][-]{subsubsection.1.3.12}{\376\377\000L\000i\000e\000n\000\040\000a\000v\000e\000c\000\040\000l\000e\000\040\000p\000r\000o\000j\000e\000t\000\040\000P\000a\000p\000e\000r\000T\000r\000a\000d\000i\000n\000g\000A\000p\000p}{subsection.1.3}% 37
\BOOKMARK [2][-]{subsection.1.4}{\376\377\000H\000e\000d\000g\000i\000n\000g\000\040\000e\000t\000\040\000G\000r\000e\000e\000k\000s}{section.1}% 38
\BOOKMARK [3][-]{subsubsection.1.4.1}{\376\377\000G\000r\000e\000e\000k\000s}{subsection.1.4}% 39
\BOOKMARK [3][-]{subsubsection.1.4.2}{\376\377\000H\000e\000d\000g\000i\000n\000g}{subsection.1.4}% 40
\BOOKMARK [3][-]{subsubsection.1.4.3}{\376\377\000D\000\351\000r\000i\000v\000a\000t\000i\000o\000n\000\040\000d\000u\000\040\000m\000o\000d\000\350\000l\000e\000\040\000d\000e\000\040\000B\000l\000a\000c\000k\040\023\000S\000c\000h\000o\000l\000e\000s\000\040\000p\000a\000r\000\040\000d\000e\000l\000t\000a\040\023\000h\000e\000d\000g\000i\000n\000g}{subsection.1.4}% 41
\BOOKMARK [3][-]{subsubsection.1.4.4}{\376\377\000C\000o\000u\000v\000e\000r\000t\000u\000r\000e\000\040\000e\000t\000\040\000d\000\351\000c\000i\000s\000i\000o\000n\000\040\000s\000\351\000q\000u\000e\000n\000t\000i\000e\000l\000l\000e\000\040\000:\000\040\000e\000r\000r\000e\000u\000r\000s\000,\000\040\000c\000o\000\373\000t\000s\000\040\000e\000t\000\040\000f\000o\000r\000m\000u\000l\000a\000t\000i\000o\000n\000\040\000M\000D\000P}{subsection.1.4}% 42
\BOOKMARK [2][-]{subsection.1.5}{\376\377\000T\000a\000u\000x\000\040\000\046\000\040\000c\000o\000u\000r\000b\000e\000s\000\040\000d\000e\000\040\000t\000a\000u\000x}{section.1}% 43
\BOOKMARK [3][-]{subsubsection.1.5.1}{\376\377\000T\000a\000u\000x\000\040\000z\000\351\000r\000o\040\023\000c\000o\000u\000p\000o\000n\000\040\000e\000t\000\040\000c\000o\000u\000r\000b\000e\000\040\000d\000e\000s\000\040\000t\000a\000u\000x}{subsection.1.5}% 44
\BOOKMARK [3][-]{subsubsection.1.5.2}{\376\377\000F\000a\000c\000t\000e\000u\000r\000s\000\040\000d\000'\000a\000c\000t\000u\000a\000l\000i\000s\000a\000t\000i\000o\000n\000\040\000\050\000D\000i\000s\000c\000o\000u\000n\000t\000\040\000F\000a\000c\000t\000o\000r\000s\000\051}{subsection.1.5}% 45
\BOOKMARK [3][-]{subsubsection.1.5.3}{\376\377\000T\000a\000u\000x\000\040\000f\000o\000r\000w\000a\000r\000d\000\040\000i\000n\000s\000t\000a\000n\000t\000a\000n\000\351}{subsection.1.5}% 46
\BOOKMARK [3][-]{subsubsection.1.5.4}{\376\377\000C\000o\000n\000s\000t\000r\000u\000c\000t\000i\000o\000n\000\040\000d\000e\000\040\000l\000a\000\040\000c\000o\000u\000r\000b\000e\000\040\000\050\000b\000o\000o\000t\000s\000t\000r\000a\000p\000p\000i\000n\000g\000\051}{subsection.1.5}% 47
\BOOKMARK [3][-]{subsubsection.1.5.5}{\376\377\000P\000a\000r\000a\000m\000\351\000t\000r\000i\000s\000a\000t\000i\000o\000n\000\040\000N\000e\000l\000s\000o\000n\040\023\000S\000i\000e\000g\000e\000l\000\040\000:\000\040\000n\000i\000v\000e\000a\000u\000,\000\040\000p\000e\000n\000t\000e\000,\000\040\000c\000o\000u\000r\000b\000u\000r\000e}{subsection.1.5}% 48
\BOOKMARK [3][-]{subsubsection.1.5.6}{\376\377\000L\000i\000e\000n\000\040\000a\000v\000e\000c\000\040\000l\000e\000\040\000p\000r\000o\000j\000e\000t\000\040\000P\000a\000p\000e\000r\000T\000r\000a\000d\000i\000n\000g\000A\000p\000p}{subsection.1.5}% 49
\BOOKMARK [2][-]{subsection.1.6}{\376\377\000F\000o\000r\000w\000a\000r\000d\000s\000,\000\040\000F\000u\000t\000u\000r\000e\000s\000\040\000e\000t\000\040\000S\000w\000a\000p\000s}{section.1}% 50
\BOOKMARK [3][-]{subsubsection.1.6.1}{\376\377\000F\000o\000r\000w\000a\000r\000d\000s}{subsection.1.6}% 51
\BOOKMARK [3][-]{subsubsection.1.6.2}{\376\377\000F\000u\000t\000u\000r\000e\000s}{subsection.1.6}% 52
\BOOKMARK [3][-]{subsubsection.1.6.3}{\376\377\000I\000n\000t\000e\000r\000e\000s\000t\000\040\000R\000a\000t\000e\000\040\000S\000w\000a\000p\000s\000\040\000\050\000I\000R\000S\000\051}{subsection.1.6}% 53
\BOOKMARK [3][-]{subsubsection.1.6.4}{\376\377\000I\000n\000t\000e\000r\000p\000r\000\351\000t\000a\000t\000i\000o\000n\000\040\000\351\000c\000o\000n\000o\000m\000i\000q\000u\000e}{subsection.1.6}% 54
\BOOKMARK [3][-]{subsubsection.1.6.5}{\376\377\000L\000i\000e\000n\000\040\000a\000v\000e\000c\000\040\000l\000e\000\040\000p\000r\000o\000j\000e\000t\000\040\000P\000a\000p\000e\000r\000T\000r\000a\000d\000i\000n\000g\000A\000p\000p}{subsection.1.6}% 55
\BOOKMARK [2][-]{subsection.1.7}{\376\377\000C\000r\000\351\000d\000i\000t}{section.1}% 56
\BOOKMARK [3][-]{subsubsection.1.7.1}{\376\377\000C\000D\000S\000\040\000:\000\040\000d\000\351\000f\000i\000n\000i\000t\000i\000o\000n\000\040\000e\000t\000\040\000s\000t\000r\000u\000c\000t\000u\000r\000e}{subsection.1.7}% 57
\BOOKMARK [3][-]{subsubsection.1.7.2}{\376\377\000I\000n\000t\000e\000n\000s\000i\000t\000\351\000\040\000d\000e\000\040\000d\000\351\000f\000a\000u\000t\000\040\000\050\000h\000a\000z\000a\000r\000d\000\040\000r\000a\000t\000e\000\051}{subsection.1.7}% 58
\BOOKMARK [3][-]{subsubsection.1.7.3}{\376\377\000S\000p\000r\000e\000a\000d\000\040\000d\000e\000\040\000C\000D\000S}{subsection.1.7}% 59
\BOOKMARK [3][-]{subsubsection.1.7.4}{\376\377\000I\000n\000t\000e\000r\000p\000r\000\351\000t\000a\000t\000i\000o\000n\000s}{subsection.1.7}% 60
\BOOKMARK [2][-]{subsection.1.8}{\376\377\000M\000o\000d\000\350\000l\000e\000s\000\040\000d\000e\000\040\000v\000o\000l\000a\000t\000i\000l\000i\000t\000\351\000\040\000a\000v\000a\000n\000c\000\351\000s\000\040\000:\000\040\000r\000o\000u\000g\000h\000,\000\040\000s\000a\000u\000t\000s\000\040\000e\000t\000\040\000f\000i\000l\000t\000r\000a\000g\000e}{section.1}% 61
\BOOKMARK [3][-]{subsubsection.1.8.1}{\376\377\000R\000o\000u\000g\000h\000\040\000v\000o\000l\000a\000t\000i\000l\000i\000t\000y\000\040\000e\000t\000\040\000S\000D\000E\000\040\000d\000e\000\040\000V\000o\000l\000t\000e\000r\000r\000a}{subsection.1.8}% 62
\BOOKMARK [3][-]{subsubsection.1.8.2}{\376\377\000M\000o\000u\000v\000e\000m\000e\000n\000t\000\040\000b\000r\000o\000w\000n\000i\000e\000n\000\040\000f\000r\000a\000c\000t\000i\000o\000n\000n\000a\000i\000r\000e\000\040\000:\000\040\000m\000\351\000t\000h\000o\000d\000e\000\040\000d\000e\000\040\000D\000a\000v\000i\000e\000s\040\023\000H\000a\000r\000t\000e\000\040\000\050\000d\000\351\000r\000i\000v\000a\000t\000i\000o\000n\000\040\000p\000a\000s\000\040\000\340\000\040\000p\000a\000s\000\051}{subsection.1.8}% 63
\BOOKMARK [3][-]{subsubsection.1.8.3}{\376\377\000M\000o\000d\000\350\000l\000e\000\040\000d\000e\000\040\000H\000e\000s\000t\000o\000n\000\040\000e\000t\000\040\000v\000a\000r\000i\000a\000n\000t\000s\000\040\000a\000f\000f\000i\000n\000e\000s}{subsection.1.8}% 64
\BOOKMARK [3][-]{subsubsection.1.8.4}{\376\377\000D\000\351\000r\000i\000v\000a\000t\000i\000o\000n\000\040\000p\000a\000s\000\040\000\340\000\040\000p\000a\000s\000\040\000:\000\040\000m\000o\000d\000\350\000l\000e\000\040\000d\000e\000\040\000H\000e\000s\000t\000o\000n}{subsection.1.8}% 65
\BOOKMARK [3][-]{subsubsection.1.8.5}{\376\377\000M\000o\000d\000\350\000l\000e\000\040\000S\000A\000B\000R\000\040\000e\000t\000\040\000v\000o\000l\000a\000t\000i\000l\000i\000t\000\351\000\040\000i\000n\000s\000p\000i\000r\000\351\000e\000\040\000\050\000S\000V\000I\000\051}{subsection.1.8}% 66
\BOOKMARK [3][-]{subsubsection.1.8.6}{\376\377\000D\000i\000f\000f\000u\000s\000i\000o\000n\000s\000\040\000\340\000\040\000s\000a\000u\000t\000s\000\040\000:\000\040\000M\000e\000r\000t\000o\000n\000\040\000e\000t\000\040\000B\000a\000t\000e\000s}{subsection.1.8}% 67
\BOOKMARK [3][-]{subsubsection.1.8.7}{\376\377\000F\000i\000l\000t\000r\000a\000g\000e\000\040\000:\000\040\000m\000o\000d\000\350\000l\000e\000s\000\040\000e\000n\000\040\000e\000s\000p\000a\000c\000e\000\040\000d\000'\000\351\000t\000a\000t\000\040\000e\000t\000\040\000f\000i\000l\000t\000r\000e\000\040\000d\000e\000\040\000K\000a\000l\000m\000a\000n}{subsection.1.8}% 68
\BOOKMARK [3][-]{subsubsection.1.8.8}{\376\377\000P\000e\000r\000s\000p\000e\000c\000t\000i\000v\000e\000s}{subsection.1.8}% 69
\BOOKMARK [3][-]{subsubsection.1.8.9}{\376\377\000L\000i\000e\000n\000\040\000a\000v\000e\000c\000\040\000l\000e\000\040\000p\000r\000o\000j\000e\000t\000\040\000P\000a\000p\000e\000r\000T\000r\000a\000d\000i\000n\000g\000A\000p\000p}{subsection.1.8}% 70
\BOOKMARK [2][-]{subsection.1.9}{\376\377\000G\000e\000s\000t\000i\000o\000n\000\040\000d\000u\000\040\000r\000i\000s\000q\000u\000e\000\040\000d\000e\000\040\000p\000o\000r\000t\000e\000f\000e\000u\000i\000l\000l\000e\000\040\000e\000t\000\040\000a\000l\000l\000o\000c\000a\000t\000i\000o\000n}{section.1}% 71
\BOOKMARK [3][-]{subsubsection.1.9.1}{\376\377\000P\000n\000L\000,\000\040\000e\000x\000p\000o\000s\000i\000t\000i\000o\000n\000s\000\040\000e\000t\000\040\000d\000r\000a\000w\000d\000o\000w\000n\000s}{subsection.1.9}% 72
\BOOKMARK [3][-]{subsubsection.1.9.2}{\376\377\000V\000a\000l\000u\000e\000-\000a\000t\000-\000R\000i\000s\000k\000\040\000\050\000V\000a\000R\000\051\000\040\000e\000t\000\040\000E\000x\000p\000e\000c\000t\000e\000d\000\040\000S\000h\000o\000r\000t\000f\000a\000l\000l\000\040\000\050\000E\000S\000\051}{subsection.1.9}% 73
\BOOKMARK [3][-]{subsubsection.1.9.3}{\376\377\000A\000l\000l\000o\000c\000a\000t\000i\000o\000n\000\040\000m\000o\000y\000e\000n\000n\000e\040\023\000v\000a\000r\000i\000a\000n\000c\000e\000\040\000\050\000M\000a\000r\000k\000o\000w\000i\000t\000z\000\051}{subsection.1.9}% 74
\BOOKMARK [3][-]{subsubsection.1.9.4}{\376\377\000R\000i\000s\000k\000\040\000p\000a\000r\000i\000t\000y\000\040\000e\000t\000\040\000c\000o\000n\000t\000r\000i\000b\000u\000t\000i\000o\000n\000s\000\040\000a\000u\000\040\000r\000i\000s\000q\000u\000e}{subsection.1.9}% 75
\BOOKMARK [3][-]{subsubsection.1.9.5}{\376\377\000P\000C\000A\000\040\000e\000t\000\040\000e\000i\000g\000e\000n\000-\000p\000o\000r\000t\000f\000o\000l\000i\000o\000s}{subsection.1.9}% 76
\BOOKMARK [3][-]{subsubsection.1.9.6}{\376\377\000L\000i\000e\000n\000\040\000a\000v\000e\000c\000\040\000l\000e\000\040\000p\000r\000o\000j\000e\000t\000\040\000P\000a\000p\000e\000r\000T\000r\000a\000d\000i\000n\000g\000A\000p\000p}{subsection.1.9}% 77
\BOOKMARK [2][-]{subsection.1.10}{\376\377\000R\000\351\000g\000i\000m\000e\000s\000\040\000e\000t\000\040\000a\000n\000a\000l\000y\000t\000i\000c\000s\000\040\000d\000e\000\040\000v\000o\000l\000a\000t\000i\000l\000i\000t\000\351}{section.1}% 78
\BOOKMARK [3][-]{subsubsection.1.10.1}{\376\377\000V\000o\000l\000a\000t\000i\000l\000i\000t\000\351\000\040\000r\000\351\000a\000l\000i\000s\000\351\000e\000\040\000:\000\040\000d\000\351\000f\000i\000n\000i\000t\000i\000o\000n\000s\000,\000\040\000a\000n\000n\000u\000a\000l\000i\000s\000a\000t\000i\000o\000n\000,\000\040\000b\000i\000a\000i\000s}{subsection.1.10}% 79
\BOOKMARK [3][-]{subsubsection.1.10.2}{\376\377\000R\000e\000t\000o\000u\000r\000\040\000\340\000\040\000l\000a\000\040\000m\000o\000y\000e\000n\000n\000e\000\040\000:\000\040\000d\000i\000a\000g\000n\000o\000s\000t\000i\000c\000s\000\040\000e\000t\000\040\000i\000n\000t\000e\000r\000p\000r\000\351\000t\000a\000t\000i\000o\000n}{subsection.1.10}% 80
\BOOKMARK [3][-]{subsubsection.1.10.3}{\376\377\000C\000h\000a\000\356\000n\000e\000s\000\040\000d\000e\000\040\000M\000a\000r\000k\000o\000v\000\040\000d\000e\000\040\000r\000\351\000g\000i\000m\000e\000s\000\040\000:\000\040\000m\000a\000t\000r\000i\000c\000e\000\040\000d\000e\000\040\000t\000r\000a\000n\000s\000i\000t\000i\000o\000n\000\040\000e\000t\000\040\000l\000e\000c\000t\000u\000r\000e\000\040\000p\000r\000o\000b\000a\000b\000i\000l\000i\000s\000t\000e}{subsection.1.10}% 81
\BOOKMARK [3][-]{subsubsection.1.10.4}{\376\377\000L\000i\000e\000n\000\040\000a\000v\000e\000c\000\040\000l\000e\000\040\000p\000r\000o\000j\000e\000t\000\040\000P\000a\000p\000e\000r\000T\000r\000a\000d\000i\000n\000g\000A\000p\000p}{subsection.1.10}% 82
\BOOKMARK [1][-]{section.2}{\376\377\000A\000p\000p\000r\000e\000n\000t\000i\000s\000s\000a\000g\000e\000\040\000s\000u\000p\000e\000r\000v\000i\000s\000\351\000\040\000s\000o\000u\000s\000\040\000n\000o\000n\000-\000s\000t\000a\000t\000i\000o\000n\000n\000a\000r\000i\000t\000\351\000\040\000:\000\040\000v\000a\000l\000i\000d\000a\000t\000i\000o\000n\000,\000\040\000l\000e\000a\000k\000a\000g\000e\000\040\000e\000t\000\040\000r\000o\000b\000u\000s\000t\000e\000s\000s\000e}{}% 83
\BOOKMARK [2][-]{subsection.2.1}{\376\377\000C\000a\000d\000r\000e\000\040\000:\000\040\000a\000p\000p\000r\000e\000n\000t\000i\000s\000s\000a\000g\000e\000\040\000s\000u\000p\000e\000r\000v\000i\000s\000\351\000\040\000e\000t\000\040\000g\000\351\000n\000\351\000r\000a\000l\000i\000s\000a\000t\000i\000o\000n}{section.2}% 84
\BOOKMARK [3][-]{subsubsection.2.1.1}{\376\377\000D\000\351\000f\000i\000n\000i\000t\000i\000o\000n\000s}{subsection.2.1}% 85
\BOOKMARK [3][-]{subsubsection.2.1.2}{\376\377\000I\000n\000t\000u\000i\000t\000i\000o\000n\000\040\000:\000\040\000b\000i\000a\000i\000s\040\023\000v\000a\000r\000i\000a\000n\000c\000e\000\040\000e\000t\000\040\000n\000o\000n\000-\000s\000t\000a\000t\000i\000o\000n\000n\000a\000r\000i\000t\000\351}{subsection.2.1}% 86
\BOOKMARK [2][-]{subsection.2.2}{\376\377\000E\000r\000a\000s\000,\000\040\000r\000\351\000g\000i\000m\000e\000s\000\040\000e\000t\000\040\000l\000e\000a\000k\000a\000g\000e\000\040\000:\000\040\000r\000i\000s\000q\000u\000e\000s\000\040\000s\000p\000\351\000c\000i\000f\000i\000q\000u\000e\000s}{section.2}% 87
\BOOKMARK [3][-]{subsubsection.2.2.1}{\376\377\000D\000\351\000f\000i\000n\000i\000t\000i\000o\000n\000\040\000d\000'\000u\000n\000e\000\040\000s\000t\000r\000u\000c\000t\000u\000r\000e\000\040\000e\000n\000\040\000e\000r\000a\000s}{subsection.2.2}% 88
\BOOKMARK [3][-]{subsubsection.2.2.2}{\376\377\000L\000e\000a\000k\000a\000g\000e\000\040\000:\000\040\000d\000\351\000f\000i\000n\000i\000t\000i\000o\000n\000\040\000e\000t\000\040\000c\000o\000n\000s\000\351\000q\000u\000e\000n\000c\000e\000s}{subsection.2.2}% 89
\BOOKMARK [3][-]{subsubsection.2.2.3}{\376\377\000R\000\351\000s\000u\000l\000t\000a\000t\000\040\000c\000l\000\351\000\040\000\050\000p\000r\000i\000n\000c\000i\000p\000e\000\040\000d\000e\000\040\000v\000a\000l\000i\000d\000a\000t\000i\000o\000n\000\040\000t\000e\000m\000p\000o\000r\000e\000l\000l\000e\000\051}{subsection.2.2}% 90
\BOOKMARK [2][-]{subsection.2.3}{\376\377\000M\000\351\000t\000r\000i\000q\000u\000e\000s\000\040\000d\000e\000\040\000p\000e\000r\000f\000o\000r\000m\000a\000n\000c\000e\000\040\000p\000a\000r\000\040\000e\000r\000a\000\040\000:\000\040\000c\000o\000r\000r\000\351\000l\000a\000t\000i\000o\000n\000\040\000e\000t\000\040\000s\000t\000a\000b\000i\000l\000i\000t\000\351}{section.2}% 91
\BOOKMARK [3][-]{subsubsection.2.3.1}{\376\377\000C\000o\000r\000r\000\351\000l\000a\000t\000i\000o\000n\000\040\000d\000e\000\040\000P\000e\000a\000r\000s\000o\000n\000\040\000p\000a\000r\000\040\000e\000r\000a}{subsection.2.3}% 92
\BOOKMARK [3][-]{subsubsection.2.3.2}{\376\377\000A\000g\000r\000\351\000g\000a\000t\000i\000o\000n\000\040\000:\000\040\000m\000o\000y\000e\000n\000n\000e\000,\000\040\000d\000i\000s\000p\000e\000r\000s\000i\000o\000n\000,\000\040\000r\000a\000t\000i\000o\000\040\000t\000y\000p\000e\000\040\000S\000h\000a\000r\000p\000e}{subsection.2.3}% 93
\BOOKMARK [3][-]{subsubsection.2.3.3}{\376\377\000L\000i\000m\000i\000t\000e\000s}{subsection.2.3}% 94
\BOOKMARK [2][-]{subsection.2.4}{\376\377\000R\000\351\000d\000u\000c\000t\000i\000o\000n\000\040\000d\000e\000\040\000d\000i\000m\000e\000n\000s\000i\000o\000n\000\040\000e\000t\000\040\000s\000\351\000l\000e\000c\000t\000i\000o\000n\000\040\000d\000e\000\040\000v\000a\000r\000i\000a\000b\000l\000e\000s}{section.2}% 95
\BOOKMARK [3][-]{subsubsection.2.4.1}{\376\377\000F\000i\000l\000t\000r\000e\000\040\000d\000e\000\040\000v\000a\000l\000e\000u\000r\000s\000\040\000m\000a\000n\000q\000u\000a\000n\000t\000e\000s}{subsection.2.4}% 96
\BOOKMARK [3][-]{subsubsection.2.4.2}{\376\377\000S\000c\000o\000r\000e\000\040\000u\000n\000i\000v\000a\000r\000i\000\351\000\040\000p\000a\000r\000\040\000a\000s\000s\000o\000c\000i\000a\000t\000i\000o\000n\000\040\000\340\000\040\000l\000a\000\040\000c\000i\000b\000l\000e}{subsection.2.4}% 97
\BOOKMARK [2][-]{subsection.2.5}{\376\377\000M\000o\000d\000\350\000l\000e\000s\000\040\000e\000t\000\040\000r\000\351\000g\000u\000l\000a\000r\000i\000s\000a\000t\000i\000o\000n\000\040\000\050\000v\000u\000e\000\040\000t\000h\000\351\000o\000r\000i\000q\000u\000e\000\051}{section.2}% 98
\BOOKMARK [3][-]{subsubsection.2.5.1}{\376\377\000G\000r\000a\000d\000i\000e\000n\000t\000\040\000b\000o\000o\000s\000t\000i\000n\000g\000\040\000s\000u\000r\000\040\000a\000r\000b\000r\000e\000s\000\040\000\050\000G\000B\000D\000T\000\051}{subsection.2.5}% 99
\BOOKMARK [3][-]{subsubsection.2.5.2}{\376\377\000R\000i\000d\000g\000e\000\040\000\050\000r\000\351\000g\000r\000e\000s\000s\000i\000o\000n\000\040\000l\000i\000n\000\351\000a\000i\000r\000e\000\040\000r\000\351\000g\000u\000l\000a\000r\000i\000s\000\351\000e\000\051}{subsection.2.5}% 100
\BOOKMARK [3][-]{subsubsection.2.5.3}{\376\377\000R\000\351\000s\000e\000a\000u\000x\000\040\000\050\000M\000L\000P\000\051\000\040\000:\000\040\000p\000r\000i\000n\000c\000i\000p\000e\000\040\000e\000t\000\040\000r\000i\000s\000q\000u\000e\000s}{subsection.2.5}% 101
\BOOKMARK [2][-]{subsection.2.6}{\376\377\000E\000n\000s\000e\000m\000b\000l\000e\000s\000,\000\040\000O\000O\000F\000\040\000e\000t\000\040\000p\000o\000s\000t\000-\000t\000r\000a\000i\000t\000e\000m\000e\000n\000t\000s\000\040\000m\000o\000n\000o\000t\000o\000n\000e\000s}{section.2}% 102
\BOOKMARK [3][-]{subsubsection.2.6.1}{\376\377\000E\000n\000s\000e\000m\000b\000l\000e\000s\000\040\000:\000\040\000r\000\351\000d\000u\000c\000t\000i\000o\000n\000\040\000d\000e\000\040\000v\000a\000r\000i\000a\000n\000c\000e}{subsection.2.6}% 103
\BOOKMARK [3][-]{subsubsection.2.6.2}{\376\377\000O\000O\000F\000\040\000e\000t\000\040\000s\000t\000a\000c\000k\000i\000n\000g\000\040\000:\000\040\000p\000r\000u\000d\000e\000n\000c\000e\000\040\000m\000\351\000t\000h\000o\000d\000o\000l\000o\000g\000i\000q\000u\000e}{subsection.2.6}% 104
\BOOKMARK [3][-]{subsubsection.2.6.3}{\376\377\000R\000a\000n\000k\000i\000n\000g\000\040\000\050\000t\000r\000a\000n\000s\000f\000o\000r\000m\000\351\000e\000\040\000p\000a\000r\000\040\000C\000D\000F\000\040\000e\000m\000p\000i\000r\000i\000q\000u\000e\000\051}{subsection.2.6}% 105
\BOOKMARK [3][-]{subsubsection.2.6.4}{\376\377\000C\000o\000n\000t\000r\000\364\000l\000e\000s\000\040\000d\000e\000\040\000c\000o\000h\000\351\000r\000e\000n\000c\000e\000\040\000\050\000s\000a\000n\000i\000t\000y\000\040\000c\000h\000e\000c\000k\000s\000\051}{subsection.2.6}% 106
\BOOKMARK [2][-]{subsection.2.7}{\376\377\000L\000i\000e\000n\000\040\000a\000v\000e\000c\000\040\000l\000e\000\040\000p\000r\000o\000j\000e\000t\000\040\000P\000a\000p\000e\000r\000T\000r\000a\000d\000i\000n\000g\000A\000p\000p}{section.2}% 107
\BOOKMARK [1][-]{section.3}{\376\377\000D\000\351\000c\000i\000s\000i\000o\000n\000\040\000s\000\351\000q\000u\000e\000n\000t\000i\000e\000l\000l\000e\000\040\000:\000\040\000M\000D\000P\000\040\000e\000t\000\040\000a\000p\000p\000r\000e\000n\000t\000i\000s\000s\000a\000g\000e\000\040\000p\000a\000r\000\040\000r\000e\000n\000f\000o\000r\000c\000e\000m\000e\000n\000t}{}% 108
\BOOKMARK [2][-]{subsection.3.1}{\376\377\000P\000r\000\351\000r\000e\000q\000u\000i\000s\000\040\000:\000\040\000a\000p\000p\000r\000e\000n\000t\000i\000s\000s\000a\000g\000e\000\040\000s\000u\000p\000e\000r\000v\000i\000s\000\351}{section.3}% 109
\BOOKMARK [3][-]{subsubsection.3.1.1}{\376\377\000F\000o\000n\000d\000a\000m\000e\000n\000t\000a\000u\000x}{subsection.3.1}% 110
\BOOKMARK [3][-]{subsubsection.3.1.2}{\376\377\000M\000o\000d\000\350\000l\000e\000s\000\040\000l\000i\000n\000\351\000a\000i\000r\000e\000s\000\040\000\046\000\040\000f\000a\000c\000t\000o\000r\000i\000e\000l\000s}{subsection.3.1}% 111
\BOOKMARK [3][-]{subsubsection.3.1.3}{\376\377\000A\000r\000b\000r\000e\000s\000\040\000\046\000\040\000E\000n\000s\000e\000m\000b\000l\000e\000s}{subsection.3.1}% 112
\BOOKMARK [2][-]{subsection.3.2}{\376\377\000U\000n\000s\000u\000p\000e\000r\000v\000i\000s\000e\000d\000\040\000L\000e\000a\000r\000n\000i\000n\000g}{section.3}% 113
\BOOKMARK [3][-]{subsubsection.3.2.1}{\376\377\000C\000l\000u\000s\000t\000e\000r\000i\000n\000g}{subsection.3.2}% 114
\BOOKMARK [3][-]{subsubsection.3.2.2}{\376\377\000A\000n\000o\000m\000a\000l\000y\000\040\000/\000\040\000N\000o\000v\000e\000l\000t\000y\000\040\000D\000e\000t\000e\000c\000t\000i\000o\000n}{subsection.3.2}% 115
\BOOKMARK [3][-]{subsubsection.3.2.3}{\376\377\000R\000\351\000d\000u\000c\000t\000i\000o\000n\000\040\000d\000i\000m\000e\000n\000s\000i\000o\000n\000n\000e\000l\000l\000e}{subsection.3.2}% 116
\BOOKMARK [3][-]{subsubsection.3.2.4}{\376\377\000S\000\351\000r\000i\000e\000s\000\040\000t\000e\000m\000p\000o\000r\000e\000l\000l\000e\000s\000\040\000c\000l\000a\000s\000s\000i\000q\000u\000e\000s}{subsection.3.2}% 117
\BOOKMARK [2][-]{subsection.3.3}{\376\377\000D\000e\000e\000p\000\040\000L\000e\000a\000r\000n\000i\000n\000g}{section.3}% 118
\BOOKMARK [3][-]{subsubsection.3.3.1}{\376\377\000B\000a\000s\000e\000s}{subsection.3.3}% 119
\BOOKMARK [3][-]{subsubsection.3.3.2}{\376\377\000C\000o\000n\000v\000o\000l\000u\000t\000i\000o\000n\000a\000l\000\040\000N\000e\000u\000r\000a\000l\000\040\000N\000e\000t\000w\000o\000r\000k\000s\000\040\000\050\000C\000N\000N\000\051}{subsection.3.3}% 120
\BOOKMARK [3][-]{subsubsection.3.3.3}{\376\377\000R\000N\000N\000,\000\040\000L\000S\000T\000M\000,\000\040\000G\000R\000U}{subsection.3.3}% 121
\BOOKMARK [3][-]{subsubsection.3.3.4}{\376\377\000T\000r\000a\000n\000s\000f\000o\000r\000m\000e\000r\000s}{subsection.3.3}% 122
\BOOKMARK [3][-]{subsubsection.3.3.5}{\376\377\000M\000o\000d\000\350\000l\000e\000s\000\040\000g\000\351\000n\000\351\000r\000a\000t\000i\000f\000s}{subsection.3.3}% 123
\BOOKMARK [2][-]{subsection.3.4}{\376\377\000R\000e\000i\000n\000f\000o\000r\000c\000e\000m\000e\000n\000t\000\040\000L\000e\000a\000r\000n\000i\000n\000g}{section.3}% 124
\BOOKMARK [3][-]{subsubsection.3.4.1}{\376\377\000C\000o\000n\000c\000e\000p\000t\000s\000\040\000f\000o\000n\000d\000a\000m\000e\000n\000t\000a\000u\000x}{subsection.3.4}% 125
\BOOKMARK [3][-]{subsubsection.3.4.2}{\376\377\000F\000o\000n\000c\000t\000i\000o\000n\000s\000\040\000d\000e\000\040\000v\000a\000l\000e\000u\000r\000\040\000e\000t\000\040\000\351\000q\000u\000a\000t\000i\000o\000n\000s\000\040\000d\000e\000\040\000B\000e\000l\000l\000m\000a\000n}{subsection.3.4}% 126
\BOOKMARK [3][-]{subsubsection.3.4.3}{\376\377\000M\000o\000n\000t\000e\000\040\000C\000a\000r\000l\000o\000\040\000\050\000M\000C\000\051}{subsection.3.4}% 127
\BOOKMARK [3][-]{subsubsection.3.4.4}{\376\377\000T\000e\000m\000p\000o\000r\000a\000l\000\040\000D\000i\000f\000f\000e\000r\000e\000n\000c\000e\000\040\000\050\000T\000D\000\051}{subsection.3.4}% 128
\BOOKMARK [3][-]{subsubsection.3.4.5}{\376\377\000S\000A\000R\000S\000A\000,\000\040\000E\000x\000p\000e\000c\000t\000e\000d\000\040\000S\000A\000R\000S\000A\000,\000\040\000Q\000-\000L\000e\000a\000r\000n\000i\000n\000g}{subsection.3.4}% 129
\BOOKMARK [3][-]{subsubsection.3.4.6}{\376\377\000O\000n\000-\000p\000o\000l\000i\000c\000y\000\040\000v\000s\000\040\000O\000f\000f\000-\000p\000o\000l\000i\000c\000y}{subsection.3.4}% 130
\BOOKMARK [3][-]{subsubsection.3.4.7}{\376\377\000F\000u\000n\000c\000t\000i\000o\000n\000\040\000A\000p\000p\000r\000o\000x\000i\000m\000a\000t\000i\000o\000n}{subsection.3.4}% 131
\BOOKMARK [3][-]{subsubsection.3.4.8}{\376\377\000D\000e\000e\000p\000\040\000Q\000-\000N\000e\000t\000w\000o\000r\000k\000\040\000\050\000D\000Q\000N\000\051\000\040\000:\000\040\000c\000o\000m\000p\000r\000e\000n\000d\000r\000e\000\040\000l\000e\000\040\000m\000\351\000c\000a\000n\000i\000s\000m\000e\000\040\000p\000a\000s\000\040\000\340\000\040\000p\000a\000s}{subsection.3.4}% 132
\BOOKMARK [3][-]{subsubsection.3.4.9}{\376\377\000P\000o\000l\000i\000c\000y\000\040\000G\000r\000a\000d\000i\000e\000n\000t\000\040\000M\000e\000t\000h\000o\000d\000s}{subsection.3.4}% 133
\BOOKMARK [1][-]{section.4}{\376\377\000C\000o\000n\000c\000l\000u\000s\000i\000o\000n\000\040\000e\000t\000\040\000o\000u\000v\000e\000r\000t\000u\000r\000e}{}% 134
\BOOKMARK [2][-]{subsection.4.1}{\376\377\000S\000y\000n\000t\000h\000\350\000s\000e}{section.4}% 135
\BOOKMARK [2][-]{subsection.4.2}{\376\377\000O\000u\000v\000e\000r\000t\000u\000r\000e}{section.4}% 136
\BOOKMARK [2][-]{subsection.4.3}{\376\377\000C\000o\000n\000c\000l\000u\000s\000i\000o\000n\000\040\000g\000\351\000n\000\351\000r\000a\000l\000e}{section.4}% 137
\BOOKMARK [1][-]{section.5}{\376\377\000S\000D\000E\000\040\000d\000e\000\040\000V\000o\000l\000t\000e\000r\000r\000a\000\040\000e\000t\000\040\000m\000o\000d\000\350\000l\000e\000\040\000r\000o\000u\000g\000h\000\040\000B\000e\000r\000g\000o\000m\000i}{}% 138
\BOOKMARK [1][-]{section.6}{\376\377\000M\000o\000d\000\350\000l\000e\000\040\000S\000A\000B\000R\000\040\000:\000\040\000e\000x\000p\000a\000n\000s\000i\000o\000n\000\040\000a\000s\000y\000m\000p\000t\000o\000t\000i\000q\000u\000e\000\040\000\050\000H\000a\000g\000a\000n\000\051}{}% 139
\BOOKMARK [1][-]{section.7}{\376\377\000M\000o\000d\000\350\000l\000e\000\040\000d\000e\000\040\000R\000o\000u\000g\000h\000\040\000H\000e\000s\000t\000o\000n\000\040\000:\000\040\000d\000y\000n\000a\000m\000i\000q\000u\000e\000,\000\040\000c\000a\000r\000a\000c\000t\000\351\000r\000i\000s\000t\000i\000q\000u\000e\000,\000\040\000s\000i\000m\000u\000l\000a\000t\000i\000o\000n}{}% 140
\BOOKMARK [1][-]{section.8}{\376\377\000M\000\351\000t\000h\000o\000d\000e\000s\000\040\000n\000u\000m\000\351\000r\000i\000q\000u\000e\000s\000\040\000:\000\040\000F\000F\000T\000\040\000e\000t\000\040\000C\000r\000a\000n\000k\040\023\000N\000i\000c\000o\000l\000s\000o\000n}{}% 141
\BOOKMARK [1][-]{section.9}{\376\377\000\311\000t\000u\000d\000e\000\040\000d\000e\000\040\000c\000a\000s\000\040\000:\000\040\000p\000i\000p\000e\000l\000i\000n\000e\000\040\000d\000e\000\040\000p\000r\000\351\000d\000i\000c\000t\000i\000o\000n\000\040\000t\000a\000b\000u\000l\000a\000i\000r\000e\000\040\000p\000a\000r\000\040\000e\000r\000a\000s\000\040\000\050\000N\000u\000m\000e\000r\000a\000i\000\051}{}% 142
